// Jest Snapshot v1, https://goo.gl/fbAQLP

exports[`Login should match the snapshot 1`] = `
<div
  className="login-container"
>
  <NavLink
    to="/dashboard"
  >
    <button
      className="login-button"
      onClick={[Function]}
    >
      Login
    </button>
  </NavLink>
</div>
`;
