// Jest Snapshot v1, https://goo.gl/fbAQLP

exports[`Loader should match the snapshot 1`] = `
<div>
  <img
    alt="loading icon, the page is loading"
    className="loading-icon"
    src="turingLogo.png"
  />
  <p
    className="loading-text"
  >
    Loading...
  </p>
</div>
`;
