// Jest Snapshot v1, https://goo.gl/fbAQLP

exports[`SurveyCard should match the snapshot 1`] = `
<section
  className="survey-accordion"
>
  <div
    className="survey-card"
    onClick={[Function]}
    style={
      Object {
        "border-top": ".5rem solid #13F1FC",
      }
    }
  >
    <article
      className="survey-card-name"
    >
      Inst Test
    </article>
    <article
      className="card-exp-date"
    >
      5/26/2019
    </article>
  </div>
  <div
    className="survey-data"
    style={
      Object {
        "display": "none",
      }
    }
  >
    <SurveyCardData
      key="21"
      sData={
        Object {
          "created_at": "2019-05-26T17:18:25",
          "groups": Array [
            Object {
              "members": Array [
                Object {
                  "cohort": "1811",
                  "id": 3,
                  "name": "Scott Thomas",
                  "program": "B",
                  "status": "Active",
                },
                Object {
                  "cohort": "1811",
                  "id": 8,
                  "name": "Jessica Hansen",
                  "program": "F",
                  "status": "Active",
                },
                Object {
                  "cohort": "1811",
                  "id": 2,
                  "name": "April Dagonese",
                  "program": "B",
                  "status": "Active",
                },
              ],
              "name": "1811",
            },
          ],
          "id": 21,
          "questions": Array [
            Object {
              "id": 19,
              "options": Array [
                Object {
                  "description": "4",
                  "id": 76,
                  "pointValue": 4,
                },
                Object {
                  "description": "3",
                  "id": 75,
                  "pointValue": 3,
                },
                Object {
                  "description": "2",
                  "id": 74,
                  "pointValue": 2,
                },
                Object {
                  "description": "1",
                  "id": 73,
                  "pointValue": 1,
                },
              ],
              "questionTitle": "How good is this jabroni?",
            },
          ],
          "status": "Closed",
          "surveyExpiration": "2019-05-26T17:17:42",
          "surveyName": "Inst Test",
          "updated_at": "2019-05-27T21:40:28",
        }
      }
    />
  </div>
</section>
`;
