// Jest Snapshot v1, https://goo.gl/fbAQLP

exports[`App should match the snapshot 1`] = `
<div
  className="App"
>
  <div>
    <Header />
  </div>
  <div
    className="route-container"
  >
    <Switch>
      <Route
        component={[Function]}
        exact={true}
        path="/"
      />
      <Route
        component={[Function]}
        path="/register"
      />
      <Route
        component={[Function]}
        exact={true}
        path="/dashboard"
      />
      <Route
        component={[Function]}
        exact={true}
        path="/new-survey"
      />
      <Route
        component={[Function]}
        exact={true}
        path="/student-dashboard"
      />
      <Route
        component={[Function]}
        path="/student-survey"
      />
      <Route
        component={[Function]}
        exact={true}
        path="/recipients"
      />
      <Route
        component={[Function]}
      />
    </Switch>
  </div>
  <div>
    <Footer />
  </div>
</div>
`;
