// Jest Snapshot v1, https://goo.gl/fbAQLP

exports[`PageNotFound should match the snapshot 1`] = `
<div
  className="page-not-found"
>
  <h2>
    This is not the page
  </h2>
  <h2>
    you are looking for.
  </h2>
  <h2
    className="not-found"
  >
    404
  </h2>
</div>
`;
