// Jest Snapshot v1, https://goo.gl/fbAQLP

exports[`StudentDashboard should match the snapshot 1`] = `
<div
  className="dashboard-container"
>
  <button
    className="response-button"
    key="1"
    onClick={[Function]}
  />
  <button
    className="response-button"
    key="2"
    onClick={[Function]}
  />
</div>
`;
